// Jest Snapshot v1, https://goo.gl/fbAQLP

exports[`utils module should correctly validate template 1`] = `
Object {
  "error": "The component can't be rendered because it was published with an older OC version",
  "isValid": false,
}
`;

exports[`utils module should correctly validate template 2`] = `
Object {
  "isValid": true,
}
`;
